******************************************************************************
                  MSP430 Linker PC v4.1.2                      
******************************************************************************
>> Linked Sun Jul 14 12:33:28 2013

OUTPUT FILE NAME:   <rpl.out>
ENTRY POINT SYMBOL: "_c_int00"  address: 0000d8d0


MEMORY CONFIGURATION

         name            origin    length      used     unused   attr    fill
----------------------  --------  ---------  --------  --------  ----  --------
  SFR                   00000000   00000010  00000000  00000010  RWIX
  PERIPHERALS_8BIT      00000010   000000f0  00000000  000000f0  RWIX
  PERIPHERALS_16BIT     00000100   00000100  00000000  00000100  RWIX
  RAM                   00000200   00000200  000001e2  0000001e  RWIX
  INFOD                 00001000   00000040  00000000  00000040  RWIX
  INFOC                 00001040   00000040  00000000  00000040  RWIX
  INFOB                 00001080   00000040  00000000  00000040  RWIX
  INFOA                 000010c0   00000040  00000000  00000040  RWIX
  FLASH                 0000c000   00003fe0  00001a84  0000255c  RWIX
  INT00                 0000ffe0   00000002  00000000  00000002  RWIX
  INT01                 0000ffe2   00000002  00000000  00000002  RWIX
  INT02                 0000ffe4   00000002  00000000  00000002  RWIX
  INT03                 0000ffe6   00000002  00000000  00000002  RWIX
  INT04                 0000ffe8   00000002  00000000  00000002  RWIX
  INT05                 0000ffea   00000002  00000000  00000002  RWIX
  INT06                 0000ffec   00000002  00000000  00000002  RWIX
  INT07                 0000ffee   00000002  00000002  00000000  RWIX
  INT08                 0000fff0   00000002  00000000  00000002  RWIX
  INT09                 0000fff2   00000002  00000002  00000000  RWIX
  INT10                 0000fff4   00000002  00000002  00000000  RWIX
  INT11                 0000fff6   00000002  00000000  00000002  RWIX
  INT12                 0000fff8   00000002  00000002  00000000  RWIX
  INT13                 0000fffa   00000002  00000002  00000000  RWIX
  INT14                 0000fffc   00000002  00000002  00000000  RWIX
  RESET                 0000fffe   00000002  00000002  00000000  RWIX


SECTION ALLOCATION MAP

 output                                  attributes/
section   page    origin      length       input sections
--------  ----  ----------  ----------   ----------------
.init_array 
*          0    0000c000    00000000     UNINITIALIZED

.bss       0    00000200    0000017a     UNINITIALIZED
                  00000200    000000a4     zigbee.obj (.bss)
                  000002a4    0000009a     protocol.obj (.bss)
                  0000033e    0000003c     rpl.obj (.bss)

.TI.noinit 
*          0    00000200    00000000     UNINITIALIZED

.data      0    0000037a    00000018     
                  0000037a    00000010     rpl.obj (.data)
                  0000038a    00000006     zigbee.obj (.data)
                  00000390    00000002     protocol.obj (.data)

.TI.persistent 
*          0    0000037a    00000000     UNINITIALIZED

.stack     0    000003b0    00000050     UNINITIALIZED
                  000003b0    00000002     rts430_eabi.lib : boot.obj (.stack)
                  000003b2    0000004e     --HOLE--

.text      0    0000c000    00001a2c     
                  0000c000    00000164     zigbee.obj (.text:zigbeeConfigure)
                  0000c164    00000140     rpl.obj (.text:recieveDIO)
                  0000c2a4    0000013a     rpl.obj (.text:selectRplParents)
                  0000c3de    00000100     zigbee.obj (.text:sendData)
                  0000c4de    000000fe     rpl.obj (.text:reciecedFromMac)
                  0000c5dc    000000c0     queue.obj (.text:addWpad)
                  0000c69c    000000ae     rpl.obj (.text:reciveMessage)
                  0000c74a    000000a8     zigbee.obj (.text:measureETX)
                  0000c7f2    000000a8     zigbee.obj (.text:zigbeeGetChar_ISR)
                  0000c89a    000000a2     rpl.obj (.text:createDIO)
                  0000c93c    0000009e     queue.obj (.text:remove)
                  0000c9da    00000096     zigbee.obj (.text:zigbeeDataProcessing)
                  0000ca70    00000090     rpl.obj (.text:sendDAO)
                  0000cb00    00000088     rpl.obj (.text:createRPL)
                  0000cb88    00000086     rpl.obj (.text:recieveHC2HDR)
                  0000cc0e    00000080     rpl.obj (.text:removeFromParents)
                  0000cc8e    0000007c     rpl.obj (.text:recievedData)
                  0000cd0a    0000007c     zigbee.obj (.text:sendCommand)
                  0000cd86    0000007a     rpl.obj (.text:calculateRank)
                  0000ce00    00000078     rpl.obj (.text:TimerRPL)
                  0000ce78    00000074     queue.obj (.text:eSpace)
                  0000ceec    00000066     protocol.obj (.text:networkLayerDown)
                  0000cf52    0000005e     rts430_eabi.lib : copy_decompress_rle.obj (.text:__TI_decompress_rle_core)
                  0000cfb0    0000005e                     : autoinit.obj (.text:_auto_init)
                  0000d00e    0000005c     zigbee.obj (.text:etxindex)
                  0000d06a    0000005c     rpl.obj (.text:send)
                  0000d0c6    0000005a     rpl.obj (.text:sendPingReply)
                  0000d120    00000056     rpl.obj (.text:recieveDAO)
                  0000d176    00000056     rpl.obj (.text:recieveDAOACK)
                  0000d1cc    00000052     main.obj (.text:main)
                  0000d21e    0000004e     rpl.obj (.text:createDAO)
                  0000d26c    0000004c     rts430_eabi.lib : lsr16.obj (.text)
                  0000d2b8    0000004a     rpl.obj (.text:executeRpl)
                  0000d302    00000046     zigbee.obj (.text:Timer_A1)
                  0000d348    00000046     rpl.obj (.text:rplInit)
                  0000d38e    00000044     rpl.obj (.text:recieveRouting)
                  0000d3d2    00000040     rpl.obj (.text:sendDIO)
                  0000d412    0000003e     zigbee.obj (.text:getETX)
                  0000d450    0000003c     rpl.obj (.text:crc16MakeBitwise2)
                  0000d48c    0000003c     rpl.obj (.text:incrementTimer)
                  0000d4c8    00000038     rpl.obj (.text:sendDIS)
                  0000d500    00000036     rpl.obj (.text:create6LowpanHeader2)
                  0000d536    00000034     zigbee.obj (.text:getZigbeeAddress)
                  0000d56a    00000034     zigbee.obj (.text:send2Zigbee)
                  0000d59e    00000032     zigbee.obj (.text:zigbeePutString)
                  0000d5d0    00000030     rpl.obj (.text:createPingReply)
                  0000d600    00000030     rpl.obj (.text:refreshParentRank)
                  0000d630    00000030     rpl.obj (.text:resetTimer)
                  0000d660    0000002e     zigbee.obj (.text:zigbeePutChar)
                  0000d68e    0000002c     protocol.obj (.text:NetworkProtocolConfigure)
                  0000d6ba    0000002c     rts430_eabi.lib : asr16.obj (.text)
                  0000d6e6    0000002c                     : div16s.obj (.text)
                  0000d712    0000002c                     : lsl16.obj (.text)
                  0000d73e    0000002a     rpl.obj (.text:createDAOTarget)
                  0000d768    0000002a     rpl.obj (.text:createDAOTransinfo)
                  0000d792    00000028     main.obj (.text:ISR_trap)
                  0000d7ba    00000028     queue.obj (.text:configureWriteBegin)
                  0000d7e2    00000020     rpl.obj (.text:createDIS)
                  0000d802    0000001e     main.obj (.text:USBGetChar_ISR)
                  0000d820    0000001e     ip6.obj (.text:calculateDAOACKChecksum)
                  0000d83e    0000001e     ip6.obj (.text:calculateDAOChecksum)
                  0000d85c    0000001e     ip6.obj (.text:calculateDIOChecksum)
                  0000d87a    0000001e     protocol.obj (.text:execNetworkProtocol)
                  0000d898    0000001c     queue.obj (.text:configureWriteEnd)
                  0000d8b4    0000001c     queue.obj (.text:debug)
                  0000d8d0    0000001a     rts430_eabi.lib : boot.obj (.text:_c_int00_noexit)
                  0000d8ea    0000001a     protocol.obj (.text:toMac)
                  0000d904    00000018     rpl.obj (.text:create6LowpanHeader1)
                  0000d91c    00000016     protocol.obj (.text:networkLayer)
                  0000d932    00000016     rts430_eabi.lib : div16u.obj (.text)
                  0000d948    00000014     rpl.obj (.text:RplTimerConfig)
                  0000d95c    00000014     rts430_eabi.lib : copy_zero_init.obj (.text:decompress:ZI:__TI_zero_init)
                  0000d970    00000014                     : mult16.obj (.text)
                  0000d984    00000012                     : copy_decompress_none.obj (.text:decompress:none:__TI_decompress_none)
                  0000d996    00000012     queue.obj (.text:init)
                  0000d9a8    00000012     rts430_eabi.lib : memcpy.obj (.text:memcpy)
                  0000d9ba    00000012     rpl.obj (.text:rand)
                  0000d9cc    00000012     rpl.obj (.text:resetDAO)
                  0000d9de    00000012     zigbee.obj (.text:zigbeeInit)
                  0000d9f0    00000010     rts430_eabi.lib : epilog.obj (.text)
                  0000da00    0000000a     rpl.obj (.text:stopDAO)
                  0000da0a    00000008     rpl.obj (.text:srand)
                  0000da12    00000008     queue.obj (.text:waitMemoryWrite)
                  0000da1a    00000006     rts430_eabi.lib : copy_decompress_rle.obj (.text:decompress:rle24:__TI_decompress_rle24)
                  0000da20    00000004                     : pre_init.obj (.text:_system_pre_init)
                  0000da24    00000004                     : exit.obj (.text:abort)
                  0000da28    00000004     rpl.obj (.text:recieveFrag)

.const     0    0000da2c    00000032     
                  0000da2c    00000032     zigbee.obj (.const:.string)

.cinit     0    0000da5e    00000026     
                  0000da5e    00000013     (.cinit..data.load) [load image, compression = rle]
                  0000da71    00000001     --HOLE-- [fill = 0]
                  0000da72    00000006     (__TI_handler_table)
                  0000da78    00000004     (.cinit..bss.load) [load image, compression = zero_init]
                  0000da7c    00000008     (__TI_cinit_table)

USCIAB0RX 
*          0    0000ffee    00000002     
                  0000ffee    00000002     main.obj (.int07)

TIMER0_A0 
*          0    0000fff2    00000002     
                  0000fff2    00000002     rpl.obj (.int09)

WDT        0    0000fff4    00000002     
                  0000fff4    00000002     main.obj (.int10)

TIMER1_A1 
*          0    0000fff8    00000002     
                  0000fff8    00000002     zigbee.obj (.int12)

TIMER1_A0 
*          0    0000fffa    00000002     
                  0000fffa    00000002     zigbee.obj (.int13)

NMI        0    0000fffc    00000002     
                  0000fffc    00000002     main.obj (.int14)

.reset     0    0000fffe    00000002     
                  0000fffe    00000002     rts430_eabi.lib : boot.obj (.reset)


LINKER GENERATED COPY TABLES

__TI_cinit_table @ 0000da7c records: 2, size/record: 4, table size: 8
	.data: load addr=0000da5e, load size=00000013 bytes, run addr=0000037a, run size=00000018 bytes, compression=rle
	.bss: load addr=0000da78, load size=00000004 bytes, run addr=00000200, run size=0000017a bytes, compression=zero_init


LINKER GENERATED HANDLER TABLE

__TI_handler_table @ 0000da72 records: 3, size/record: 2, table size: 6
	index: 0, handler: __TI_zero_init
	index: 1, handler: __TI_decompress_rle24
	index: 2, handler: __TI_decompress_none


GLOBAL SYMBOLS: SORTED ALPHABETICALLY BY Name 

address    name
--------   ----
0000004a   ADC10AE0
000001b0   ADC10CTL0
000001b2   ADC10CTL1
00000048   ADC10DTC0
00000049   ADC10DTC1
000001b4   ADC10MEM
000001bc   ADC10SA
00000057   BCSCTL1
00000058   BCSCTL2
00000053   BCSCTL3
0000da24   C$$EXIT
00000059   CACTL1
0000005a   CACTL2
000010fb   CALBC1_12MHZ
000010f9   CALBC1_16MHZ
000010ff   CALBC1_1MHZ
000010fd   CALBC1_8MHZ
000010fa   CALDCO_12MHZ
000010f8   CALDCO_16MHZ
000010fe   CALDCO_1MHZ
000010fc   CALDCO_8MHZ
0000005b   CAPD
00000386   DAOSEQ
00000056   DCOCTL
00000385   DISTimer
00000294   ETXARRAY
00000128   FCTL1
0000012a   FCTL2
0000012c   FCTL3
00000000   IE1
00000001   IE2
00000002   IFG1
00000003   IFG2
0000d792   ISR_trap
0000d68e   NetworkProtocolConfigure
00000022   P1DIR
00000025   P1IE
00000024   P1IES
00000023   P1IFG
00000020   P1IN
00000021   P1OUT
00000027   P1REN
00000026   P1SEL
00000041   P1SEL2
0000002a   P2DIR
0000002d   P2IE
0000002c   P2IES
0000002b   P2IFG
00000028   P2IN
00000029   P2OUT
0000002f   P2REN
0000002e   P2SEL
00000042   P2SEL2
0000001a   P3DIR
00000018   P3IN
00000019   P3OUT
00000010   P3REN
0000001b   P3SEL
00000043   P3SEL2
0000d948   RplTimerConfig
00000172   TA0CCR0
00000174   TA0CCR1
00000176   TA0CCR2
00000162   TA0CCTL0
00000164   TA0CCTL1
00000166   TA0CCTL2
00000160   TA0CTL
0000012e   TA0IV
00000170   TA0R
00000192   TA1CCR0
00000194   TA1CCR1
00000196   TA1CCR2
00000182   TA1CCTL0
00000184   TA1CCTL1
00000186   TA1CCTL2
00000180   TA1CTL
0000011e   TA1IV
00000190   TA1R
0000ce00   TimerRPL
0000d302   Timer_A1
0000005d   UCA0ABCTL
00000062   UCA0BR0
00000063   UCA0BR1
00000060   UCA0CTL0
00000061   UCA0CTL1
0000005f   UCA0IRRCTL
0000005e   UCA0IRTCTL
00000064   UCA0MCTL
00000066   UCA0RXBUF
00000065   UCA0STAT
00000067   UCA0TXBUF
0000006a   UCB0BR0
0000006b   UCB0BR1
00000068   UCB0CTL0
00000069   UCB0CTL1
0000006c   UCB0I2CIE
00000118   UCB0I2COA
0000011a   UCB0I2CSA
0000006e   UCB0RXBUF
0000006d   UCB0STAT
0000006f   UCB0TXBUF
0000d802   USBGetChar_ISR
00000120   WDTCTL
00000400   __STACK_END
00000050   __STACK_SIZE
0000da7c   __TI_CINIT_Base
0000da84   __TI_CINIT_Limit
0000da72   __TI_Handler_Table_Base
0000da78   __TI_Handler_Table_Limit
UNDEFED    __TI_INITARRAY_Base
UNDEFED    __TI_INITARRAY_Limit
00000001   __TI_args_main
0000d984   __TI_decompress_none
0000da1a   __TI_decompress_rle24
00000001   __TI_exit
0000d95c   __TI_zero_init
ffffffff   __binit__
ffffffff   __c_args__
0000d6e6   __mspabi_divi
0000d932   __mspabi_divu
0000d9fc   __mspabi_func_epilog_1
0000d9fa   __mspabi_func_epilog_2
0000d9f8   __mspabi_func_epilog_3
0000d9f6   __mspabi_func_epilog_4
0000d9f4   __mspabi_func_epilog_5
0000d9f2   __mspabi_func_epilog_6
0000d9f0   __mspabi_func_epilog_7
0000d970   __mspabi_mpyi
0000d6e6   __mspabi_remi
0000d932   __mspabi_remu
0000d712   __mspabi_slli
0000d73a   __mspabi_slli_1
0000d728   __mspabi_slli_10
0000d726   __mspabi_slli_11
0000d724   __mspabi_slli_12
0000d722   __mspabi_slli_13
0000d720   __mspabi_slli_14
0000d71e   __mspabi_slli_15
0000d738   __mspabi_slli_2
0000d736   __mspabi_slli_3
0000d734   __mspabi_slli_4
0000d732   __mspabi_slli_5
0000d730   __mspabi_slli_6
0000d72e   __mspabi_slli_7
0000d72c   __mspabi_slli_8
0000d72a   __mspabi_slli_9
0000d6ba   __mspabi_srai
0000d6e2   __mspabi_srai_1
0000d6d0   __mspabi_srai_10
0000d6ce   __mspabi_srai_11
0000d6cc   __mspabi_srai_12
0000d6ca   __mspabi_srai_13
0000d6c8   __mspabi_srai_14
0000d6c6   __mspabi_srai_15
0000d6e0   __mspabi_srai_2
0000d6de   __mspabi_srai_3
0000d6dc   __mspabi_srai_4
0000d6da   __mspabi_srai_5
0000d6d8   __mspabi_srai_6
0000d6d6   __mspabi_srai_7
0000d6d4   __mspabi_srai_8
0000d6d2   __mspabi_srai_9
0000d26c   __mspabi_srli
0000d2b2   __mspabi_srli_1
0000d28e   __mspabi_srli_10
0000d28a   __mspabi_srli_11
0000d286   __mspabi_srli_12
0000d282   __mspabi_srli_13
0000d27e   __mspabi_srli_14
0000d27a   __mspabi_srli_15
0000d2ae   __mspabi_srli_2
0000d2aa   __mspabi_srli_3
0000d2a6   __mspabi_srli_4
0000d2a2   __mspabi_srli_5
0000d29e   __mspabi_srli_6
0000d29a   __mspabi_srli_7
0000d296   __mspabi_srli_8
0000d292   __mspabi_srli_9
0000cfb0   _auto_init
0000d8d0   _c_int00
0000d8d0   _c_int00_noexit
0000fffe   _reset_vector
000003b0   _stack
0000da20   _system_pre_init
0000da24   abort
0000c5dc   addWpad
000002bc   auxarray
ffffffff   binit
0000d820   calculateDAOACKChecksum
0000d83e   calculateDAOChecksum
0000d85c   calculateDIOChecksum
0000cd86   calculateRank
00000204   commandResponse
0000d7ba   configureWriteBegin
0000d898   configureWriteEnd
0000d450   crc16MakeBitwise2
0000d904   create6LowpanHeader1
0000d500   create6LowpanHeader2
0000d21e   createDAO
0000d73e   createDAOTarget
0000d768   createDAOTransinfo
0000c89a   createDIO
0000d7e2   createDIS
0000d5d0   createPingReply
0000cb00   createRPL
0000037e   daoretries
0000037c   daotime
0000038a   dataIndex
0000d8b4   debug
00000380   diocounter
00000342   diotimer
0000ce78   eSpace
0000d00e   etxindex
0000d87a   execNetworkProtocol
0000d2b8   executeRpl
0000020e   extstruct
0000020a   frameID
0000d412   getETX
0000d536   getZigbeeAddress
0000d48c   incrementTimer
0000d996   init
000002a4   mac2netw
00000376   mac2netwPointer
0000d1cc   main
0000c74a   measureETX
00000340   memArray
0000d9a8   memcpy
0000038b   msgsize
000002ac   netw2trans
0000d91c   networkLayer
0000ceec   networkLayerDown
00000383   pingrequestnumber
0000020c   queue_
0000d9ba   rand
0000038c   readwrite
0000c4de   reciecedFromMac
0000d120   recieveDAO
0000d176   recieveDAOACK
0000c164   recieveDIO
0000da28   recieveFrag
0000cb88   recieveHC2HDR
0000d38e   recieveRouting
0000cc8e   recievedData
00000212   recievedMessage_
0000c69c   reciveMessage
0000d600   refreshParentRank
0000c93c   remove
0000cc0e   removeFromParents
0000d9cc   resetDAO
0000d630   resetTimer
00000348   rpl
0000d348   rplInit
00000202   rxBuffer
0000c2a4   selectRplParents
0000d06a   send
0000d56a   send2Zigbee
0000cd0a   sendCommand
0000ca70   sendDAO
0000033f   sendDAO_
0000d3d2   sendDIO
00000387   sendDIOInfRank
0000033e   sendDIO_
0000d4c8   sendDIS
00000384   sendDIS_
0000c3de   sendData
0000d0c6   sendPingReply
0000da0a   srand
0000da00   stopDAO
00000382   timerToSend
0000d8ea   toMac
000002b4   trans2netw
00000200   txData
0000da12   waitMemoryWrite
0000c000   zigbeeConfigure
0000c9da   zigbeeDataProcessing
0000c7f2   zigbeeGetChar_ISR
0000d9de   zigbeeInit
0000d660   zigbeePutChar
0000d59e   zigbeePutString


GLOBAL SYMBOLS: SORTED BY Symbol Address 

address    name
--------   ----
00000000   IE1
00000001   IE2
00000001   __TI_args_main
00000001   __TI_exit
00000002   IFG1
00000003   IFG2
00000010   P3REN
00000018   P3IN
00000019   P3OUT
0000001a   P3DIR
0000001b   P3SEL
00000020   P1IN
00000021   P1OUT
00000022   P1DIR
00000023   P1IFG
00000024   P1IES
00000025   P1IE
00000026   P1SEL
00000027   P1REN
00000028   P2IN
00000029   P2OUT
0000002a   P2DIR
0000002b   P2IFG
0000002c   P2IES
0000002d   P2IE
0000002e   P2SEL
0000002f   P2REN
00000041   P1SEL2
00000042   P2SEL2
00000043   P3SEL2
00000048   ADC10DTC0
00000049   ADC10DTC1
0000004a   ADC10AE0
00000050   __STACK_SIZE
00000053   BCSCTL3
00000056   DCOCTL
00000057   BCSCTL1
00000058   BCSCTL2
00000059   CACTL1
0000005a   CACTL2
0000005b   CAPD
0000005d   UCA0ABCTL
0000005e   UCA0IRTCTL
0000005f   UCA0IRRCTL
00000060   UCA0CTL0
00000061   UCA0CTL1
00000062   UCA0BR0
00000063   UCA0BR1
00000064   UCA0MCTL
00000065   UCA0STAT
00000066   UCA0RXBUF
00000067   UCA0TXBUF
00000068   UCB0CTL0
00000069   UCB0CTL1
0000006a   UCB0BR0
0000006b   UCB0BR1
0000006c   UCB0I2CIE
0000006d   UCB0STAT
0000006e   UCB0RXBUF
0000006f   UCB0TXBUF
00000118   UCB0I2COA
0000011a   UCB0I2CSA
0000011e   TA1IV
00000120   WDTCTL
00000128   FCTL1
0000012a   FCTL2
0000012c   FCTL3
0000012e   TA0IV
00000160   TA0CTL
00000162   TA0CCTL0
00000164   TA0CCTL1
00000166   TA0CCTL2
00000170   TA0R
00000172   TA0CCR0
00000174   TA0CCR1
00000176   TA0CCR2
00000180   TA1CTL
00000182   TA1CCTL0
00000184   TA1CCTL1
00000186   TA1CCTL2
00000190   TA1R
00000192   TA1CCR0
00000194   TA1CCR1
00000196   TA1CCR2
000001b0   ADC10CTL0
000001b2   ADC10CTL1
000001b4   ADC10MEM
000001bc   ADC10SA
00000200   txData
00000202   rxBuffer
00000204   commandResponse
0000020a   frameID
0000020c   queue_
0000020e   extstruct
00000212   recievedMessage_
00000294   ETXARRAY
000002a4   mac2netw
000002ac   netw2trans
000002b4   trans2netw
000002bc   auxarray
0000033e   sendDIO_
0000033f   sendDAO_
00000340   memArray
00000342   diotimer
00000348   rpl
00000376   mac2netwPointer
0000037c   daotime
0000037e   daoretries
00000380   diocounter
00000382   timerToSend
00000383   pingrequestnumber
00000384   sendDIS_
00000385   DISTimer
00000386   DAOSEQ
00000387   sendDIOInfRank
0000038a   dataIndex
0000038b   msgsize
0000038c   readwrite
000003b0   _stack
00000400   __STACK_END
000010f8   CALDCO_16MHZ
000010f9   CALBC1_16MHZ
000010fa   CALDCO_12MHZ
000010fb   CALBC1_12MHZ
000010fc   CALDCO_8MHZ
000010fd   CALBC1_8MHZ
000010fe   CALDCO_1MHZ
000010ff   CALBC1_1MHZ
0000c000   zigbeeConfigure
0000c164   recieveDIO
0000c2a4   selectRplParents
0000c3de   sendData
0000c4de   reciecedFromMac
0000c5dc   addWpad
0000c69c   reciveMessage
0000c74a   measureETX
0000c7f2   zigbeeGetChar_ISR
0000c89a   createDIO
0000c93c   remove
0000c9da   zigbeeDataProcessing
0000ca70   sendDAO
0000cb00   createRPL
0000cb88   recieveHC2HDR
0000cc0e   removeFromParents
0000cc8e   recievedData
0000cd0a   sendCommand
0000cd86   calculateRank
0000ce00   TimerRPL
0000ce78   eSpace
0000ceec   networkLayerDown
0000cfb0   _auto_init
0000d00e   etxindex
0000d06a   send
0000d0c6   sendPingReply
0000d120   recieveDAO
0000d176   recieveDAOACK
0000d1cc   main
0000d21e   createDAO
0000d26c   __mspabi_srli
0000d27a   __mspabi_srli_15
0000d27e   __mspabi_srli_14
0000d282   __mspabi_srli_13
0000d286   __mspabi_srli_12
0000d28a   __mspabi_srli_11
0000d28e   __mspabi_srli_10
0000d292   __mspabi_srli_9
0000d296   __mspabi_srli_8
0000d29a   __mspabi_srli_7
0000d29e   __mspabi_srli_6
0000d2a2   __mspabi_srli_5
0000d2a6   __mspabi_srli_4
0000d2aa   __mspabi_srli_3
0000d2ae   __mspabi_srli_2
0000d2b2   __mspabi_srli_1
0000d2b8   executeRpl
0000d302   Timer_A1
0000d348   rplInit
0000d38e   recieveRouting
0000d3d2   sendDIO
0000d412   getETX
0000d450   crc16MakeBitwise2
0000d48c   incrementTimer
0000d4c8   sendDIS
0000d500   create6LowpanHeader2
0000d536   getZigbeeAddress
0000d56a   send2Zigbee
0000d59e   zigbeePutString
0000d5d0   createPingReply
0000d600   refreshParentRank
0000d630   resetTimer
0000d660   zigbeePutChar
0000d68e   NetworkProtocolConfigure
0000d6ba   __mspabi_srai
0000d6c6   __mspabi_srai_15
0000d6c8   __mspabi_srai_14
0000d6ca   __mspabi_srai_13
0000d6cc   __mspabi_srai_12
0000d6ce   __mspabi_srai_11
0000d6d0   __mspabi_srai_10
0000d6d2   __mspabi_srai_9
0000d6d4   __mspabi_srai_8
0000d6d6   __mspabi_srai_7
0000d6d8   __mspabi_srai_6
0000d6da   __mspabi_srai_5
0000d6dc   __mspabi_srai_4
0000d6de   __mspabi_srai_3
0000d6e0   __mspabi_srai_2
0000d6e2   __mspabi_srai_1
0000d6e6   __mspabi_divi
0000d6e6   __mspabi_remi
0000d712   __mspabi_slli
0000d71e   __mspabi_slli_15
0000d720   __mspabi_slli_14
0000d722   __mspabi_slli_13
0000d724   __mspabi_slli_12
0000d726   __mspabi_slli_11
0000d728   __mspabi_slli_10
0000d72a   __mspabi_slli_9
0000d72c   __mspabi_slli_8
0000d72e   __mspabi_slli_7
0000d730   __mspabi_slli_6
0000d732   __mspabi_slli_5
0000d734   __mspabi_slli_4
0000d736   __mspabi_slli_3
0000d738   __mspabi_slli_2
0000d73a   __mspabi_slli_1
0000d73e   createDAOTarget
0000d768   createDAOTransinfo
0000d792   ISR_trap
0000d7ba   configureWriteBegin
0000d7e2   createDIS
0000d802   USBGetChar_ISR
0000d820   calculateDAOACKChecksum
0000d83e   calculateDAOChecksum
0000d85c   calculateDIOChecksum
0000d87a   execNetworkProtocol
0000d898   configureWriteEnd
0000d8b4   debug
0000d8d0   _c_int00
0000d8d0   _c_int00_noexit
0000d8ea   toMac
0000d904   create6LowpanHeader1
0000d91c   networkLayer
0000d932   __mspabi_divu
0000d932   __mspabi_remu
0000d948   RplTimerConfig
0000d95c   __TI_zero_init
0000d970   __mspabi_mpyi
0000d984   __TI_decompress_none
0000d996   init
0000d9a8   memcpy
0000d9ba   rand
0000d9cc   resetDAO
0000d9de   zigbeeInit
0000d9f0   __mspabi_func_epilog_7
0000d9f2   __mspabi_func_epilog_6
0000d9f4   __mspabi_func_epilog_5
0000d9f6   __mspabi_func_epilog_4
0000d9f8   __mspabi_func_epilog_3
0000d9fa   __mspabi_func_epilog_2
0000d9fc   __mspabi_func_epilog_1
0000da00   stopDAO
0000da0a   srand
0000da12   waitMemoryWrite
0000da1a   __TI_decompress_rle24
0000da20   _system_pre_init
0000da24   C$$EXIT
0000da24   abort
0000da28   recieveFrag
0000da72   __TI_Handler_Table_Base
0000da78   __TI_Handler_Table_Limit
0000da7c   __TI_CINIT_Base
0000da84   __TI_CINIT_Limit
0000fffe   _reset_vector
ffffffff   __binit__
ffffffff   __c_args__
ffffffff   binit
UNDEFED    __TI_INITARRAY_Base
UNDEFED    __TI_INITARRAY_Limit

[279 symbols]
